../Core/Inc/encoder.h:22:6:HAL_TIM_IC_CaptureCallback	5
../Core/Src/main.c:78:1:__io_putchar	1
../Core/Src/main.c:94:5:main	1
../Core/Src/main.c:170:6:SystemClock_Config	3
../Core/Src/main.c:217:13:MX_I2C1_Init	2
../Core/Src/main.c:251:13:MX_I2C2_Init	2
../Core/Src/main.c:285:13:MX_TIM1_Init	3
../Core/Src/main.c:335:13:MX_TIM3_Init	3
../Core/Src/main.c:384:13:MX_TIM4_Init	3
../Core/Src/main.c:433:13:MX_USART2_UART_Init	2
../Core/Src/main.c:466:13:MX_GPIO_Init	1
../Core/Src/main.c:520:6:Error_Handler	1
