../Core/Inc/encoder.h:22:6:HAL_TIM_IC_CaptureCallback	16	static
../Core/Src/main.c:78:1:__io_putchar	16	static
../Core/Src/main.c:94:5:main	48	static
../Core/Src/main.c:170:6:SystemClock_Config	88	static
../Core/Src/main.c:217:13:MX_I2C1_Init	8	static
../Core/Src/main.c:251:13:MX_I2C2_Init	8	static
../Core/Src/main.c:285:13:MX_TIM1_Init	56	static
../Core/Src/main.c:335:13:MX_TIM3_Init	56	static
../Core/Src/main.c:384:13:MX_TIM4_Init	56	static
../Core/Src/main.c:433:13:MX_USART2_UART_Init	8	static
../Core/Src/main.c:466:13:MX_GPIO_Init	48	static
../Core/Src/main.c:520:6:Error_Handler	4	static,ignoring_inline_asm
